10
0 65 1 99 0 15 5 16
1 65 1 13 99 0 32 10 16
2 1 16 65 99 15 4 82 5
3 16 30 2 5
4 13 0 7 32 10 16
5 13 0 7 32 10 16
6 2 8 4 16 5
7 2 8 4 5 16
8 2 3 0 10
9 1 16 4 0 43 82 5
